// Jest Snapshot v1, https://goo.gl/fbAQLP

exports[`<UserSearchForm/> renders correctly 1`] = `
<form
  as="form"
>
  <label
    className="form label"
    htmlFor="username"
  >
    Enter Github Username to Retrieve Followers
  </label>
  <input
    className="form field"
    name="username"
    placeholder="Github Username"
    required={true}
    type="text"
  />
  <button
    className="form button"
    type="submit"
  >
    Search
  </button>
</form>
`;
